{
    "public_input_test": {
        "initial_hash_chain_seed": "0x0721a9762a6462740fe4ce8b12f47c6332a3ff89ac7a4e38e308d9885b6f8cc8"
    },
    "dynamic_layout_public_input_test": {
        "initial_hash_chain_seed": "0x068e25c731675ec4180fd1938828c0cce95ace79425ddb868318dc38c31d574d"
    },
    "diluted_test": {
        "spacing": 4,
        "n_bits": 16,
        "z": "0x12345678",
        "alpha": "0x87654321",
        "res": "0x3f070f6a2364e6900cc19fa78f05596c776f474786d6769a7b91410352ba644"
    }
}
